// Jest Snapshot v1, https://goo.gl/fbAQLP

exports[`VillagerContainer displays a list of villagers on the page 1`] = `
<div>
  <ul
    aria-label="villagers"
    class="VillagerList"
  >
    <li>
      <a
        href="/5f5fb4bbbfd05c2aed82e460"
      >
        <div>
          <img
            alt="Admiral"
            class="Villager"
            src="https://vignette.wikia.nocookie.net/animalcrossing/images/e/ed/Admiral_NH.png/revision/latest?cb=20200802081138"
          />
          <p>
            Admiral
             (
            male
            )
          </p>
          <p>
            "
            aye aye
            "
          </p>
        </div>
      </a>
    </li>
    <li>
      <a
        href="/5f5fb4bbbfd05c2aed82e461"
      >
        <div>
          <img
            alt="Agent S"
            class="Villager"
            src="https://vignette.wikia.nocookie.net/animalcrossing/images/a/a7/Agent_S_NH.png/revision/latest?cb=20200719092526"
          />
          <p>
            Agent S
             (
            female
            )
          </p>
          <p>
            "
            sidekick
            "
          </p>
        </div>
      </a>
    </li>
    <li>
      <a
        href="/5f5fb4bbbfd05c2aed82e462"
      >
        <div>
          <img
            alt="Agnes"
            class="Villager"
            src="https://vignette.wikia.nocookie.net/animalcrossing/images/4/42/Agnes_NH.png/revision/latest?cb=20200804230432"
          />
          <p>
            Agnes
             (
            female
            )
          </p>
          <p>
            "
            snuffle
            "
          </p>
        </div>
      </a>
    </li>
    <li>
      <a
        href="/5f5fb4bbbfd05c2aed82e463"
      >
        <div>
          <img
            alt="Al"
            class="Villager"
            src="https://vignette.wikia.nocookie.net/animalcrossing/images/c/c4/Al_NH.png/revision/latest?cb=20200802150354"
          />
          <p>
            Al
             (
            male
            )
          </p>
          <p>
            "
            hoo hoo ha CFayyyeee NH
            "
          </p>
        </div>
      </a>
    </li>
    <li>
      <a
        href="/5f5fb4bbbfd05c2aed82e464"
      >
        <div>
          <img
            alt="Alfonso"
            class="Villager"
            src="https://vignette.wikia.nocookie.net/animalcrossing/images/e/e4/Alfonso_NH.png/revision/latest?cb=20200817164717"
          />
          <p>
            Alfonso
             (
            male
            )
          </p>
          <p>
            "
            it'sa me
            "
          </p>
        </div>
      </a>
    </li>
    <li>
      <a
        href="/5f5fb4bbbfd05c2aed82e465"
      >
        <div>
          <img
            alt="Alice"
            class="Villager"
            src="https://vignette.wikia.nocookie.net/animalcrossing/images/e/e1/Alice_NH.png/revision/latest?cb=20200803181400"
          />
          <p>
            Alice
             (
            female
            )
          </p>
          <p>
            "
            guvnor
            "
          </p>
        </div>
      </a>
    </li>
    <li>
      <a
        href="/5f5fb4bbbfd05c2aed82e46c"
      >
        <div>
          <img
            alt="Ankha"
            class="Villager"
            src="https://vignette.wikia.nocookie.net/animalcrossing/images/5/56/Ankha_NH.png/revision/latest?cb=20200817172044"
          />
          <p>
            Ankha
             (
            female
            )
          </p>
          <p>
            "
            me meow
            "
          </p>
        </div>
      </a>
    </li>
    <li>
      <a
        href="/5f5fb4bbbfd05c2aed82e466"
      >
        <div>
          <img
            alt="Alli"
            class="Villager"
            src="https://vignette.wikia.nocookie.net/animalcrossing/images/8/8e/Alli_NH.png/revision/latest?cb=20200802061731"
          />
          <p>
            Alli
             (
            female
            )
          </p>
          <p>
            "
            graaagh
            "
          </p>
        </div>
      </a>
    </li>
    <li>
      <a
        href="/5f5fb4bbbfd05c2aed82e46b"
      >
        <div>
          <img
            alt="Anicotti"
            class="Villager"
            src="https://vignette.wikia.nocookie.net/animalcrossing/images/8/80/Anicotti_NH.png/revision/latest?cb=20200802164003"
          />
          <p>
            Anicotti
             (
            female
            )
          </p>
          <p>
            "
            cannoli
            "
          </p>
        </div>
      </a>
    </li>
    <li>
      <a
        href="/5f5fb4bbbfd05c2aed82e46a"
      >
        <div>
          <img
            alt="Angus"
            class="Villager"
            src="https://vignette.wikia.nocookie.net/animalcrossing/images/5/5f/Angus_NH.png/revision/latest?cb=20200802083758"
          />
          <p>
            Angus
             (
            male
            )
          </p>
          <p>
            "
            macmoo
            "
          </p>
        </div>
      </a>
    </li>
    <li>
      <a
        href="/5f5fb4bbbfd05c2aed82e467"
      >
        <div>
          <img
            alt="Amelia"
            class="Villager"
            src="https://vignette.wikia.nocookie.net/animalcrossing/images/a/ab/Amelia_NH.png/revision/latest?cb=20200817171545"
          />
          <p>
            Amelia
             (
            female
            )
          </p>
          <p>
            "
            "eaglet" (GCN)"cuz"(WW & CF & NL)
            "
          </p>
        </div>
      </a>
    </li>
    <li>
      <a
        href="/5f5fb4bbbfd05c2aed82e46d"
      >
        <div>
          <img
            alt="Annalisa"
            class="Villager"
            src="https://vignette.wikia.nocookie.net/animalcrossing/images/f/f0/Annalisa_NH.png/revision/latest?cb=20200802063308"
          />
          <p>
            Annalisa
             (
            female
            )
          </p>
          <p>
            "
            gumdrop
            "
          </p>
        </div>
      </a>
    </li>
    <li>
      <a
        href="/5f5fb4bbbfd05c2aed82e46f"
      >
        <div>
          <img
            alt="Antonio"
            class="Villager"
            src="https://vignette.wikia.nocookie.net/animalcrossing/images/d/d4/Antonio_NH.png/revision/latest?cb=20200802063352"
          />
          <p>
            Antonio
             (
            male
            )
          </p>
          <p>
            "
            honk
            "
          </p>
        </div>
      </a>
    </li>
    <li>
      <a
        href="/5f5fb4bbbfd05c2aed82e46e"
      >
        <div>
          <img
            alt="Annalise"
            class="Villager"
            src="https://vignette.wikia.nocookie.net/animalcrossing/images/c/c4/Annalise_NH.png/revision/latest?cb=20200802153943"
          />
          <p>
            Annalise
             (
            female
            )
          </p>
          <p>
            "
            nipper (NL, NH)whatever (AF+, AC, AFe+)
            "
          </p>
        </div>
      </a>
    </li>
    <li>
      <a
        href="/5f5fb4bbbfd05c2aed82e468"
      >
        <div>
          <img
            alt="Anabelle"
            class="Villager"
            src="https://vignette.wikia.nocookie.net/animalcrossing/images/d/d8/Anabelle_NH.png/revision/latest?cb=20200802063200"
          />
          <p>
            Anabelle
             (
            female
            )
          </p>
          <p>
            "
            snorty
            "
          </p>
        </div>
      </a>
    </li>
    <li>
      <a
        href="/5f5fb4bbbfd05c2aed82e470"
      >
        <div>
          <img
            alt="Apollo"
            class="Villager"
            src="https://vignette.wikia.nocookie.net/animalcrossing/images/2/28/Apollo_NH.png/revision/latest?cb=20200719092927"
          />
          <p>
            Apollo
             (
            male
            )
          </p>
          <p>
            "
            pah
            "
          </p>
        </div>
      </a>
    </li>
    <li>
      <a
        href="/5f5fb4bbbfd05c2aed82e469"
      >
        <div>
          <img
            alt="Anchovy"
            class="Villager"
            src="https://vignette.wikia.nocookie.net/animalcrossing/images/e/ea/Anchovy_NH.png/revision/latest?cb=20200802081231"
          />
          <p>
            Anchovy
             (
            male
            )
          </p>
          <p>
            "
            chuurp
            "
          </p>
        </div>
      </a>
    </li>
    <li>
      <a
        href="/5f5fb4bbbfd05c2aed82e471"
      >
        <div>
          <img
            alt="Apple"
            class="Villager"
            src="https://vignette.wikia.nocookie.net/animalcrossing/images/5/57/Apple_NH.png/revision/latest?cb=20200802151508"
          />
          <p>
            Apple
             (
            female
            )
          </p>
          <p>
            "
            cheekers
            "
          </p>
        </div>
      </a>
    </li>
    <li>
      <a
        href="/5f5fb4bbbfd05c2aed82e472"
      >
        <div>
          <img
            alt="Astrid"
            class="Villager"
            src="https://vignette.wikia.nocookie.net/animalcrossing/images/d/d5/Astrid_NH.png/revision/latest?cb=20200802154954"
          />
          <p>
            Astrid
             (
            female
            )
          </p>
          <p>
            "
            my pet
            "
          </p>
        </div>
      </a>
    </li>
    <li>
      <a
        href="/5f5fb4bbbfd05c2aed82e473"
      >
        <div>
          <img
            alt="Audie"
            class="Villager"
            src="https://vignette.wikia.nocookie.net/animalcrossing/images/1/1b/Audie_NH.png/revision/latest?cb=20200829012735"
          />
          <p>
            Audie
             (
            female
            )
          </p>
          <p>
            "
            foxtrot
            "
          </p>
        </div>
      </a>
    </li>
    <li>
      <a
        href="/5f5fb4bbbfd05c2aed82e474"
      >
        <div>
          <img
            alt="Aurora"
            class="Villager"
            src="https://vignette.wikia.nocookie.net/animalcrossing/images/5/59/Aurora_NH.png/revision/latest?cb=20200202215217"
          />
          <p>
            Aurora
             (
            female
            )
          </p>
          <p>
            "
            b-b-baby
            "
          </p>
        </div>
      </a>
    </li>
    <li>
      <a
        href="/5f5fb4bbbfd05c2aed82e475"
      >
        <div>
          <img
            alt="Ava"
            class="Villager"
            src="https://vignette.wikia.nocookie.net/animalcrossing/images/c/cc/Ava_NH.png/revision/latest?cb=20200609055741"
          />
          <p>
            Ava
             (
            female
            )
          </p>
          <p>
            "
            beaker
            "
          </p>
        </div>
      </a>
    </li>
    <li>
      <a
        href="/5f5fb4bbbfd05c2aed82e476"
      >
        <div>
          <img
            alt="Avery"
            class="Villager"
            src="https://vignette.wikia.nocookie.net/animalcrossing/images/d/dd/Avery_NH.png/revision/latest?cb=20200608222354"
          />
          <p>
            Avery
             (
            male
            )
          </p>
          <p>
            "
            skree-haw
            "
          </p>
        </div>
      </a>
    </li>
    <li>
      <a
        href="/5f5fb4bbbfd05c2aed82e478"
      >
        <div>
          <img
            alt="Baabara"
            class="Villager"
            src="https://vignette.wikia.nocookie.net/animalcrossing/images/d/df/Baabara_NH.png/revision/latest?cb=20200802165552"
          />
          <p>
            Baabara
             (
            female
            )
          </p>
          <p>
            "
            daahling
            "
          </p>
        </div>
      </a>
    </li>
    <li>
      <a
        href="/5f5fb4bbbfd05c2aed82e47b"
      >
        <div>
          <img
            alt="Barold"
            class="Villager"
            src="https://vignette.wikia.nocookie.net/animalcrossing/images/9/9d/Barold_NH.png/revision/latest?cb=20200802141140"
          />
          <p>
            Barold
             (
            male
            )
          </p>
          <p>
            "
            cubby
            "
          </p>
        </div>
      </a>
    </li>
  </ul>
</div>
`;
